// Jest Snapshot v1, https://goo.gl/fbAQLP

exports[`Match snapshots ArticleTocList default 1`] = `
<ArticleTocList>
  <article-toc-list__Toc
    onClick={[Function]}
  >
    <div
      className="article-toc-list__Toc-sc-1q5d9b4-0 cfLcBw"
      onClick={[Function]}
    >
      <ul>
        <li>
          <a
            href="#header1"
          >
            Header 1
          </a>
        </li>
        <li>
          <a
            href="#header2"
          >
            Header 2
          </a>
        </li>
      </ul>
    </div>
  </article-toc-list__Toc>
</ArticleTocList>
`;
